63.173.168.120 - - [27/Oct/2025:15:07:25 -0400] "GET /search/tag/list HTTP/1.0" 200 5003
63.173.168.120 - - [27/Oct/2025:15:20:00 -0400] "GET /search/tag/list HTTP/1.0" 200 5003
63.173.168.120 - - [27/Oct/2025:15:20:00 -0400] "GET /search/tag/list HTTP/1.0" 200 5003
63.173.168.120 - - [04/Nov/2021:15:07:25 -0500] "GET /search/tag/list HTTP/1.0" 200 5003
63.173.168.120 - - [04/Nov/2021:15:07:25 -0500] "GET /search/tag/list HTTP/1.0" 200 5003
63.173.168.120 - - [04/Nov/2021:15:07:25 -0500] "GET /search/tag/list HTTP/1.0" 200 5003
63.173.168.120 - - [04/Nov/2021:15:07:25 -0500] "GET /search/tag/list HTTP/1.0" 200 5003
